[probe] --- didBeginEditing ---
[probe] UITextField()@0x0000000104bb8000 firstResponder=true inputAccessoryView=nil
[probe] keyboardHeight=308.00 (willChangeFrame)
[probe] keyboardHeight=308.00 (willShow)
[probe] --- keyboardDidShow ---
[probe] UITextField()@0x0000000104bb8000 firstResponder=true inputAccessoryView=nil
[probe] keyboardHeight=0.00 (willChangeFrame)
[probe] RCTTextInput init field=0x125d3c500
[probe] RCTTextInput init field=0x125d3ca00
[probe] --- didBeginEditing ---
[probe] UITextField(Input A)@0x0000000125d3c500 firstResponder=true inputAccessoryView=nil
[probe] UITextField(Input B)@0x0000000125d3ca00 firstResponder=false inputAccessoryView=nil
[probe] extender handleDidBeginEditing self=0x125d51f80 enabled=1 input=0x125d3c500
[probe] keyboardHeight=379.00 (willChangeFrame)
[probe] keyboardHeight=379.00 (willShow)
[probe] --- keyboardDidShow ---
[probe] UITextField(Input A)@0x0000000125d3c500 firstResponder=true inputAccessoryView=ModernContainerView@0x0000000125e28600 frame=(0.0, 0.0, 393.0, 44.0) subviews=3 contentViews=3
[probe] UITextField(Input B)@0x0000000125d3ca00 firstResponder=false inputAccessoryView=nil
[probe] --- didBeginEditing ---
[probe] UITextField(Input A)@0x0000000125d3c500 firstResponder=false inputAccessoryView=ModernContainerView@0x0000000125e28600 frame=(0.0, 0.0, 393.0, 44.0) subviews=3 contentViews=3
[probe] UITextField(Input B)@0x0000000125d3ca00 firstResponder=true inputAccessoryView=nil
[probe] extender handleDidBeginEditing self=0x125d51f80 enabled=1 input=0x125d3ca00
[probe] keyboardHeight=379.00 (willChangeFrame)
[probe] keyboardHeight=379.00 (willShow)
[probe] --- keyboardDidShow ---
[probe] UITextField(Input A)@0x0000000125d3c500 firstResponder=false inputAccessoryView=ModernContainerView@0x0000000125e28600 frame=(0.0, 0.0, 393.0, 44.0) subviews=3 contentViews=3
[probe] UITextField(Input B)@0x0000000125d3ca00 firstResponder=true inputAccessoryView=ModernContainerView@0x0000000125e28600 frame=(0.0, 0.0, 393.0, 44.0) subviews=3 contentViews=3
[probe] keyboardHeight=379.00 (willChangeFrame)
[probe] extender prepareForRecycle self=0x125d51f80
[probe] RCTTextInput prepareForRecycle field=0x125d3ca00 accessory=0x125e28600
[probe] RCTTextInput prepareForRecycle field=0x125d3c500 accessory=0x125e28600
[probe] --- didBeginEditing ---
[probe] UITextField(Input C)@0x0000000125d3c500 firstResponder=true inputAccessoryView=ModernContainerView@0x0000000125e28600 frame=(0.0, 0.0, 393.0, 44.0) subviews=3 contentViews=0 EMPTY-CONTAINER
[probe] keyboardHeight=379.00 (willChangeFrame)
[probe] keyboardHeight=379.00 (willShow)
[probe] --- keyboardDidShow ---
[probe] UITextField(Input C)@0x0000000125d3c500 firstResponder=true inputAccessoryView=ModernContainerView@0x0000000125e28600 frame=(0.0, 0.0, 393.0, 0.0) subviews=3 contentViews=0 EMPTY-CONTAINER
[probe] keyboardHeight=335.00 (willChangeFrame)
[probe] --- didBeginEditing ---
[probe] UITextField(Input C)@0x0000000125d3c500 firstResponder=true inputAccessoryView=ModernContainerView@0x0000000125e28600 frame=(0.0, 0.0, 393.0, 0.0) subviews=3 contentViews=0 EMPTY-CONTAINER
[probe] keyboardHeight=335.00 (willChangeFrame)
[probe] keyboardHeight=335.00 (willShow)
[probe] --- keyboardDidShow ---
[probe] UITextField(Input C)@0x0000000125d3c500 firstResponder=true inputAccessoryView=ModernContainerView@0x0000000125e28600 frame=(0.0, 0.0, 393.0, 0.0) subviews=3 contentViews=0 EMPTY-CONTAINER
