[probe] --- didBeginEditing ---
[probe] UITextField()@0x00000001103d0000 firstResponder=true inputAccessoryView=nil
[probe] keyboardHeight=308.00 (willChangeFrame)
[probe] keyboardHeight=308.00 (willShow)
[probe] --- keyboardDidShow ---
[probe] UITextField()@0x00000001103d0000 firstResponder=true inputAccessoryView=nil
[probe] keyboardHeight=0.00 (willChangeFrame)
[probe] RCTTextInput init field=0x10ed94500
[probe] RCTTextInput init field=0x10ed94a00
[probe] --- didBeginEditing ---
[probe] UITextField(Input A)@0x000000010ed94500 firstResponder=true inputAccessoryView=nil
[probe] UITextField(Input B)@0x000000010ed94a00 firstResponder=false inputAccessoryView=nil
[probe] extender handleDidBeginEditing self=0x118033100 enabled=1 input=0x10ed94500
[probe] keyboardHeight=379.00 (willChangeFrame)
[probe] keyboardHeight=379.00 (willShow)
[probe] --- keyboardDidShow ---
[probe] UITextField(Input A)@0x000000010ed94500 firstResponder=true inputAccessoryView=ModernContainerView@0x000000010ee74600 frame=(0.0, 0.0, 393.0, 44.0) subviews=3 contentViews=3
[probe] UITextField(Input B)@0x000000010ed94a00 firstResponder=false inputAccessoryView=nil
[probe] --- didBeginEditing ---
[probe] UITextField(Input A)@0x000000010ed94500 firstResponder=false inputAccessoryView=ModernContainerView@0x000000010ee74600 frame=(0.0, 0.0, 393.0, 44.0) subviews=3 contentViews=3
[probe] UITextField(Input B)@0x000000010ed94a00 firstResponder=true inputAccessoryView=nil
[probe] extender handleDidBeginEditing self=0x118033100 enabled=1 input=0x10ed94a00
[probe] keyboardHeight=379.00 (willChangeFrame)
[probe] keyboardHeight=379.00 (willShow)
[probe] --- keyboardDidShow ---
[probe] UITextField(Input A)@0x000000010ed94500 firstResponder=false inputAccessoryView=ModernContainerView@0x000000010ee74600 frame=(0.0, 0.0, 393.0, 44.0) subviews=3 contentViews=3
[probe] UITextField(Input B)@0x000000010ed94a00 firstResponder=true inputAccessoryView=ModernContainerView@0x000000010ee74600 frame=(0.0, 0.0, 393.0, 44.0) subviews=3 contentViews=3
[probe] keyboardHeight=379.00 (willChangeFrame)
[probe] extender prepareForRecycle self=0x118033100
[probe] RCTTextInput prepareForRecycle field=0x10ed94a00 accessory=0x0
[probe] RCTTextInput prepareForRecycle field=0x10ed94500 accessory=0x0
[probe] --- didBeginEditing ---
[probe] UITextField(Input C)@0x000000010ed94500 firstResponder=true inputAccessoryView=nil
[probe] keyboardHeight=335.00 (willChangeFrame)
[probe] keyboardHeight=335.00 (willShow)
[probe] --- keyboardDidShow ---
[probe] UITextField(Input C)@0x000000010ed94500 firstResponder=true inputAccessoryView=nil
[probe] keyboardHeight=335.00 (willChangeFrame)
[probe] --- didBeginEditing ---
[probe] UITextField(Input C)@0x000000010ed94500 firstResponder=true inputAccessoryView=nil
[probe] keyboardHeight=335.00 (willChangeFrame)
[probe] keyboardHeight=335.00 (willShow)
[probe] --- keyboardDidShow ---
[probe] UITextField(Input C)@0x000000010ed94500 firstResponder=true inputAccessoryView=nil
