[probe] --- didBeginEditing ---
[probe] UITextField()@0x00000001063a4000 firstResponder=true inputAccessoryView=nil
[probe] keyboardHeight=308.00 (willChangeFrame)
[probe] keyboardHeight=308.00 (willShow)
[probe] --- keyboardDidShow ---
[probe] UITextField()@0x00000001063a4000 firstResponder=true inputAccessoryView=nil
[probe] keyboardHeight=0.00 (willChangeFrame)
[probe] RCTTextInput init field=0x127518500
[probe] extender prepareForRecycle self=0x11600bb80
[probe] --- didBeginEditing ---
[probe] UITextField(Input A)@0x0000000127518500 firstResponder=true inputAccessoryView=nil
[probe] keyboardHeight=335.00 (willChangeFrame)
[probe] keyboardHeight=335.00 (willShow)
[probe] --- keyboardDidShow ---
[probe] UITextField(Input A)@0x0000000127518500 firstResponder=true inputAccessoryView=nil
[probe] RCTTextInput init field=0x127519e00
[probe] --- didBeginEditing ---
[probe] UITextField(Input A)@0x0000000127518500 firstResponder=false inputAccessoryView=nil
[probe] UITextField(Input C)@0x0000000127519e00 firstResponder=true inputAccessoryView=nil
[probe] keyboardHeight=335.00 (willChangeFrame)
[probe] keyboardHeight=335.00 (willShow)
[probe] --- keyboardDidShow ---
[probe] UITextField(Input A)@0x0000000127518500 firstResponder=false inputAccessoryView=nil
[probe] UITextField(Input C)@0x0000000127519e00 firstResponder=true inputAccessoryView=nil
[probe] keyboardHeight=335.00 (willChangeFrame)
[probe] --- didBeginEditing ---
[probe] UITextField(Input A)@0x0000000127518500 firstResponder=false inputAccessoryView=nil
[probe] UITextField(Input C)@0x0000000127519e00 firstResponder=true inputAccessoryView=nil
[probe] keyboardHeight=335.00 (willChangeFrame)
[probe] keyboardHeight=335.00 (willShow)
[probe] --- keyboardDidShow ---
[probe] UITextField(Input A)@0x0000000127518500 firstResponder=false inputAccessoryView=nil
[probe] UITextField(Input C)@0x0000000127519e00 firstResponder=true inputAccessoryView=nil
