[probe] --- didBeginEditing ---
[probe] UITextField()@0x00000001043e0000 firstResponder=true inputAccessoryView=nil
[probe] keyboardHeight=308.00 (willChangeFrame)
[probe] keyboardHeight=308.00 (willShow)
[probe] --- keyboardDidShow ---
[probe] UITextField()@0x00000001043e0000 firstResponder=true inputAccessoryView=nil
[probe] keyboardHeight=0.00 (willChangeFrame)
[probe] RCTTextInput init field=0x124d58500
[probe] RCTTextInput init field=0x124d58a00
[probe] --- didBeginEditing ---
[probe] UITextField(Input A)@0x0000000124d58500 firstResponder=true inputAccessoryView=nil
[probe] UITextField(Input B)@0x0000000124d58a00 firstResponder=false inputAccessoryView=nil
[probe] extender handleDidBeginEditing self=0x113837b80 enabled=1 input=0x124d58500
[probe] keyboardHeight=379.00 (willChangeFrame)
[probe] keyboardHeight=379.00 (willShow)
[probe] --- keyboardDidShow ---
[probe] UITextField(Input A)@0x0000000124d58500 firstResponder=true inputAccessoryView=ModernContainerView@0x0000000124dd3000 frame=(0.0, 0.0, 393.0, 44.0) subviews=3 contentViews=3
[probe] UITextField(Input B)@0x0000000124d58a00 firstResponder=false inputAccessoryView=nil
[probe] --- didBeginEditing ---
[probe] UITextField(Input A)@0x0000000124d58500 firstResponder=false inputAccessoryView=ModernContainerView@0x0000000124dd3000 frame=(0.0, 0.0, 393.0, 44.0) subviews=3 contentViews=3
[probe] UITextField(Input B)@0x0000000124d58a00 firstResponder=true inputAccessoryView=nil
[probe] extender handleDidBeginEditing self=0x113837b80 enabled=1 input=0x124d58a00
[probe] keyboardHeight=379.00 (willChangeFrame)
[probe] keyboardHeight=379.00 (willShow)
[probe] --- keyboardDidShow ---
[probe] UITextField(Input A)@0x0000000124d58500 firstResponder=false inputAccessoryView=ModernContainerView@0x0000000124dd3000 frame=(0.0, 0.0, 393.0, 44.0) subviews=3 contentViews=3
[probe] UITextField(Input B)@0x0000000124d58a00 firstResponder=true inputAccessoryView=ModernContainerView@0x0000000124dd3000 frame=(0.0, 0.0, 393.0, 44.0) subviews=3 contentViews=3
[probe] keyboardHeight=335.00 (willChangeFrame)
[probe] keyboardHeight=335.00 (willShow)
[probe] --- keyboardDidShow ---
[probe] UITextField(Input A)@0x0000000124d58500 firstResponder=false inputAccessoryView=nil
[probe] UITextField(Input B)@0x0000000124d58a00 firstResponder=true inputAccessoryView=nil
[probe] --- keyboardDidShow ---
[probe] UITextField(Input A)@0x0000000124d58500 firstResponder=false inputAccessoryView=nil
[probe] UITextField(Input B)@0x0000000124d58a00 firstResponder=true inputAccessoryView=nil
[probe] --- didBeginEditing ---
[probe] UITextField(Input A)@0x0000000124d58500 firstResponder=true inputAccessoryView=nil
[probe] UITextField(Input B)@0x0000000124d58a00 firstResponder=false inputAccessoryView=nil
[probe] extender handleDidBeginEditing self=0x113837b80 enabled=0 input=0x124d58500
[probe] keyboardHeight=335.00 (willChangeFrame)
[probe] keyboardHeight=335.00 (willShow)
[probe] --- keyboardDidShow ---
[probe] UITextField(Input A)@0x0000000124d58500 firstResponder=true inputAccessoryView=nil
[probe] UITextField(Input B)@0x0000000124d58a00 firstResponder=false inputAccessoryView=nil
