[probe] --- didBeginEditing ---
[probe] UITextField()@0x00000001103a4000 firstResponder=true inputAccessoryView=nil
[probe] keyboardHeight=308.00 (willChangeFrame)
[probe] keyboardHeight=308.00 (willShow)
[probe] --- keyboardDidShow ---
[probe] UITextField()@0x00000001103a4000 firstResponder=true inputAccessoryView=nil
[probe] keyboardHeight=0.00 (willChangeFrame)
[probe] RCTTextInput init field=0x123028500
[probe] --- didBeginEditing ---
[probe] UITextField(Input A)@0x0000000123028500 firstResponder=true inputAccessoryView=nil
[probe] extender handleDidBeginEditing self=0x12303dc00 enabled=1 input=0x123028500
[probe] keyboardHeight=379.00 (willChangeFrame)
[probe] keyboardHeight=379.00 (willShow)
[probe] --- keyboardDidShow ---
[probe] UITextField(Input A)@0x0000000123028500 firstResponder=true inputAccessoryView=ModernContainerView@0x0000000123113000 frame=(0.0, 0.0, 393.0, 44.0) subviews=3 contentViews=3
[probe] RCTTextInput init field=0x12302a800
[probe] --- didBeginEditing ---
[probe] UITextField(Input A)@0x0000000123028500 firstResponder=false inputAccessoryView=ModernContainerView@0x0000000123113000 frame=(0.0, 0.0, 393.0, 44.0) subviews=3 contentViews=3
[probe] UITextField(Input C)@0x000000012302a800 firstResponder=true inputAccessoryView=nil
[probe] extender handleDidBeginEditing self=0x12303dc00 enabled=1 input=0x12302a800
[probe] keyboardHeight=379.00 (willChangeFrame)
[probe] keyboardHeight=379.00 (willShow)
[probe] --- keyboardDidShow ---
[probe] UITextField(Input A)@0x0000000123028500 firstResponder=false inputAccessoryView=ModernContainerView@0x0000000123113000 frame=(0.0, 0.0, 393.0, 44.0) subviews=3 contentViews=3
[probe] UITextField(Input C)@0x000000012302a800 firstResponder=true inputAccessoryView=ModernContainerView@0x0000000123113000 frame=(0.0, 0.0, 393.0, 44.0) subviews=3 contentViews=3
[probe] keyboardHeight=379.00 (willChangeFrame)
[probe] --- didBeginEditing ---
[probe] UITextField(Input A)@0x0000000123028500 firstResponder=false inputAccessoryView=ModernContainerView@0x0000000123113000 frame=(0.0, 0.0, 393.0, 44.0) subviews=3 contentViews=3
[probe] UITextField(Input C)@0x000000012302a800 firstResponder=true inputAccessoryView=ModernContainerView@0x0000000123113000 frame=(0.0, 0.0, 393.0, 44.0) subviews=3 contentViews=3
[probe] extender handleDidBeginEditing self=0x12303dc00 enabled=1 input=0x12302a800
[probe] keyboardHeight=379.00 (willChangeFrame)
[probe] keyboardHeight=379.00 (willShow)
[probe] --- keyboardDidShow ---
[probe] UITextField(Input A)@0x0000000123028500 firstResponder=false inputAccessoryView=ModernContainerView@0x0000000123113000 frame=(0.0, 0.0, 393.0, 44.0) subviews=3 contentViews=3
[probe] UITextField(Input C)@0x000000012302a800 firstResponder=true inputAccessoryView=ModernContainerView@0x0000000123113000 frame=(0.0, 0.0, 393.0, 44.0) subviews=3 contentViews=3
