[probe] --- didBeginEditing ---
[probe] UITextField() firstResponder=true inputAccessoryView=nil
[probe] --- keyboardDidShow ---
[probe] UITextField() firstResponder=true inputAccessoryView=nil
[probe] --- didBeginEditing ---
[probe] UITextField(Input A) firstResponder=true inputAccessoryView=nil
[probe] UITextField(Input B) firstResponder=false inputAccessoryView=nil
[probe] --- keyboardDidShow ---
[probe] UITextField(Input A) firstResponder=true inputAccessoryView=ModernContainerView@0x0000000104b0d1a0 frame=(0.0, 0.0, 402.0, 44.0) subviews=3
[probe] UITextField(Input B) firstResponder=false inputAccessoryView=nil
[probe] --- didBeginEditing ---
[probe] UITextField(Input A) firstResponder=false inputAccessoryView=ModernContainerView@0x0000000104b0d1a0 frame=(0.0, 0.0, 402.0, 44.0) subviews=3
[probe] UITextField(Input B) firstResponder=true inputAccessoryView=nil
[probe] --- keyboardDidShow ---
[probe] UITextField(Input A) firstResponder=false inputAccessoryView=ModernContainerView@0x0000000104b0d1a0 frame=(0.0, 0.0, 402.0, 44.0) subviews=3
[probe] UITextField(Input B) firstResponder=true inputAccessoryView=ModernContainerView@0x0000000104b0d1a0 frame=(0.0, 0.0, 402.0, 44.0) subviews=3
[probe] --- keyboardDidShow ---
[probe] UITextField(Input A) firstResponder=false inputAccessoryView=ModernContainerView@0x0000000104b0d1a0 frame=(0.0, 0.0, 402.0, 44.0) subviews=3
[probe] UITextField(Input B) firstResponder=true inputAccessoryView=ModernContainerView@0x0000000104b0d1a0 frame=(0.0, 0.0, 402.0, 44.0) subviews=3
[probe] --- keyboardDidShow ---
[probe] UITextField(Input A) firstResponder=false inputAccessoryView=ModernContainerView@0x0000000104b0d1a0 frame=(0.0, 0.0, 402.0, 0.0) subviews=3
[probe] UITextField(Input B) firstResponder=true inputAccessoryView=ModernContainerView@0x0000000104b0d1a0 frame=(0.0, 0.0, 402.0, 0.0) subviews=3
[probe] --- keyboardDidShow ---
[probe] UITextField(Input A) firstResponder=false inputAccessoryView=ModernContainerView@0x0000000104b0d1a0 frame=(0.0, 0.0, 402.0, 0.0) subviews=3
[probe] UITextField(Input B) firstResponder=true inputAccessoryView=ModernContainerView@0x0000000104b0d1a0 frame=(0.0, 0.0, 402.0, 0.0) subviews=3
[probe] --- didBeginEditing ---
[probe] UITextField(Input A) firstResponder=true inputAccessoryView=ModernContainerView@0x0000000104b0d1a0 frame=(0.0, 0.0, 402.0, 0.0) subviews=3
[probe] UITextField(Input B) firstResponder=false inputAccessoryView=ModernContainerView@0x0000000104b0d1a0 frame=(0.0, 0.0, 402.0, 0.0) subviews=3
[probe] --- keyboardDidShow ---
[probe] UITextField(Input A) firstResponder=true inputAccessoryView=ModernContainerView@0x0000000104b0d1a0 frame=(0.0, 0.0, 402.0, 0.0) subviews=3
[probe] UITextField(Input B) firstResponder=false inputAccessoryView=ModernContainerView@0x0000000104b0d1a0 frame=(0.0, 0.0, 402.0, 0.0) subviews=3
[probe] --- keyboardDidShow ---
[probe] UITextField(Input A) firstResponder=true inputAccessoryView=ModernContainerView@0x0000000104b0d1a0 frame=(0.0, 0.0, 402.0, 0.0) subviews=3
[probe] UITextField(Input B) firstResponder=false inputAccessoryView=ModernContainerView@0x0000000104b0d1a0 frame=(0.0, 0.0, 402.0, 0.0) subviews=3
Child process terminated with signal 15: Terminated
